
> start:local
> npm run build && concurrently -n backend,frontend -c blue,green "npm --prefix mwd-app-be run start" "npm --prefix mwd-app-fe run start:port-3001"


> build
> npm --prefix mwd-app-be run build && npm --prefix mwd-app-fe run build


> mwd-app-be@1.0.0 build
> prisma generate && tsc

Environment variables loaded from .env
Prisma schema loaded from prisma\schema.prisma

✔ Generated Prisma Client (v5.22.0) to .\node_modules\@prisma\client in 217ms

Start by importing your Prisma Client (See: https://pris.ly/d/importing-client)

Tip: Interested in query caching in just a few lines of code? Try Accelerate today! https://pris.ly/tip-3-accelerate


> mwd-monitoringapp@0.1.0 build
> next build

▲ Next.js 16.2.4 (Turbopack)
- Environments: .env

  Creating an optimized production build ...
✓ Compiled successfully in 6.5s
  Running TypeScript ...
  Finished TypeScript in 9.2s ...
  Collecting page data using 19 workers ...
  Generating static pages using 19 workers (0/27) ...
  Generating static pages using 19 workers (6/27) 
  Generating static pages using 19 workers (13/27) 
  Generating static pages using 19 workers (20/27) 
✓ Generating static pages using 19 workers (27/27) in 669ms
  Finalizing page optimization ...

Route (app)
┌ ○ /
├ ○ /_not-found
├ ○ /admin
├ ○ /alerts
├ ○ /charts
├ ○ /configuration
├ ○ /configuration/wellplan-surveys
├ ○ /dashboard
├ ○ /data-management/generate-las
├ ○ /data-management/log-data
├ ○ /data-management/memory-import
├ ○ /data-management/plotting
├ ○ /data-management/survey-data
├ ○ /export
├ ○ /help
├ ○ /history
├ ○ /login
├ ○ /monitoring/aux-port
├ ○ /monitoring/rig-wits
├ ○ /settings
├ ○ /system-utilities
├ ○ /trajectory
└ ○ /trajectory/well-plot

Route (pages)
─ ○ /NotFound (362 ms)

○  (Static)  prerendered as static content

[frontend] 
[frontend] > mwd-monitoringapp@0.1.0 start:port-3001
[frontend] > next start -p 3001
[frontend] 
[backend] 
[backend] > mwd-app-be@1.0.0 start
[backend] > node dist/server.js
[backend] 
[frontend] ▲ Next.js 16.2.4
[frontend] - Local:         http://localhost:3001
[frontend] - Network:       http://100.91.149.1:3001
[frontend] ✓ Ready in 259ms
[backend] Failed to start server: 
[backend] Invalid `prisma.role.findMany()` invocation:
[backend] 
[backend] 
[backend] The table `public.Role` does not exist in the current database.
[backend] npm --prefix mwd-app-be run start exited with code 1
[frontend] npm --prefix mwd-app-fe run start:port-3001 exited with code 1
